// Jest Snapshot v1, https://goo.gl/fbAQLP

exports[`YForm isShow 1`] = `
Object {
  "asFragment": [Function],
  "baseElement": <body>
    <div />
  </body>,
  "container": <div />,
  "debug": [Function],
  "findAllByAltText": [Function],
  "findAllByDisplayValue": [Function],
  "findAllByLabelText": [Function],
  "findAllByPlaceholderText": [Function],
  "findAllByRole": [Function],
  "findAllByTestId": [Function],
  "findAllByText": [Function],
  "findAllByTitle": [Function],
  "findByAltText": [Function],
  "findByDisplayValue": [Function],
  "findByLabelText": [Function],
  "findByPlaceholderText": [Function],
  "findByRole": [Function],
  "findByTestId": [Function],
  "findByText": [Function],
  "findByTitle": [Function],
  "getAllByAltText": [Function],
  "getAllByDisplayValue": [Function],
  "getAllByLabelText": [Function],
  "getAllByPlaceholderText": [Function],
  "getAllByRole": [Function],
  "getAllByTestId": [Function],
  "getAllByText": [Function],
  "getAllByTitle": [Function],
  "getByAltText": [Function],
  "getByDisplayValue": [Function],
  "getByLabelText": [Function],
  "getByPlaceholderText": [Function],
  "getByRole": [Function],
  "getByTestId": [Function],
  "getByText": [Function],
  "getByTitle": [Function],
  "queryAllByAltText": [Function],
  "queryAllByDisplayValue": [Function],
  "queryAllByLabelText": [Function],
  "queryAllByPlaceholderText": [Function],
  "queryAllByRole": [Function],
  "queryAllByTestId": [Function],
  "queryAllByText": [Function],
  "queryAllByTitle": [Function],
  "queryByAltText": [Function],
  "queryByDisplayValue": [Function],
  "queryByLabelText": [Function],
  "queryByPlaceholderText": [Function],
  "queryByRole": [Function],
  "queryByTestId": [Function],
  "queryByText": [Function],
  "queryByTitle": [Function],
  "rerender": [Function],
  "unmount": [Function],
}
`;

exports[`YForm layout 1`] = `
Object {
  "asFragment": [Function],
  "baseElement": <body>
    <div>
      <div>
        <form
          class="ant-form ant-form-horizontal"
        >
          <div
            class="yform-items"
          >
            <div
              class="ant-row ant-form-item"
            >
              <div
                class="ant-col ant-col-16 ant-col-offset-8 ant-form-item-control"
              >
                <div
                  class="ant-form-item-control-input"
                >
                  <input
                    class="ant-input"
                    id="demo"
                    placeholder="请输入"
                    type="text"
                    value=""
                  />
                </div>
              </div>
            </div>
            <div
              class="ant-row ant-form-item"
            >
              <div
                class="ant-col ant-col-8 ant-form-item-label"
              >
                <label
                  class=""
                  title="money"
                >
                  money
                </label>
              </div>
              <div
                class="ant-col ant-col-16 ant-form-item-control"
              >
                <div
                  class="ant-form-item-control-input"
                >
                  <div
                    class="input-money"
                  >
                    <span
                      class="ant-input-affix-wrapper"
                    >
                      <input
                        class="ant-input"
                        id="money"
                        placeholder="请输入money"
                        type="text"
                        value="1"
                      />
                      <span
                        class="ant-input-suffix"
                      >
                        元
                      </span>
                    </span>
                    <div
                      class="zh"
                    >
                      壹
                    </div>
                  </div>
                </div>
              </div>
            </div>
            <div
              class="ant-row ant-form-item"
            >
              <div
                class="ant-col ant-col-16 ant-col-offset-8 ant-form-item-control"
              >
                <div
                  class="ant-form-item-control-input"
                >
                  <div
                    class="yform-items"
                  >
                    <button
                      class="ant-btn ant-btn-primary"
                      type="submit"
                    >
                      <span>
                        submit
                      </span>
                    </button>
                  </div>
                </div>
              </div>
            </div>
          </div>
        </form>
        <form
          class="ant-form ant-form-horizontal"
        >
          <div
            class="yform-items"
          >
            <div
              class="ant-row ant-form-item"
            >
              <div
                class="ant-col ant-form-item-control ant-col-xs-24 ant-col-xs-offset-24 ant-col-sm-20 ant-col-sm-offset-4"
              >
                <div
                  class="ant-form-item-control-input"
                >
                  <input
                    class="ant-input"
                    id="demo"
                    placeholder="请输入"
                    type="text"
                    value=""
                  />
                </div>
              </div>
            </div>
            <div
              class="ant-row ant-form-item"
            >
              <div
                class="ant-col ant-form-item-label ant-col-xs-24 ant-col-sm-4"
              >
                <label
                  class=""
                  title="money"
                >
                  money
                </label>
              </div>
              <div
                class="ant-col ant-form-item-control ant-col-xs-24 ant-col-sm-20"
              >
                <div
                  class="ant-form-item-control-input"
                >
                  <div
                    class="input-money"
                  >
                    <span
                      class="ant-input-affix-wrapper"
                    >
                      <input
                        class="ant-input"
                        id="money"
                        placeholder="请输入money"
                        type="text"
                        value="1"
                      />
                      <span
                        class="ant-input-suffix"
                      >
                        元
                      </span>
                    </span>
                    <div
                      class="zh"
                    >
                      壹
                    </div>
                  </div>
                </div>
              </div>
            </div>
            <div
              class="ant-row ant-form-item"
            >
              <div
                class="ant-col ant-form-item-control ant-col-xs-24 ant-col-xs-offset-24 ant-col-sm-20 ant-col-sm-offset-4"
              >
                <div
                  class="ant-form-item-control-input"
                >
                  <div
                    class="yform-items"
                  >
                    <button
                      class="ant-btn ant-btn-primary"
                      type="submit"
                    >
                      <span>
                        submit
                      </span>
                    </button>
                  </div>
                </div>
              </div>
            </div>
          </div>
        </form>
      </div>
    </div>
  </body>,
  "container": <div>
    <div>
      <form
        class="ant-form ant-form-horizontal"
      >
        <div
          class="yform-items"
        >
          <div
            class="ant-row ant-form-item"
          >
            <div
              class="ant-col ant-col-16 ant-col-offset-8 ant-form-item-control"
            >
              <div
                class="ant-form-item-control-input"
              >
                <input
                  class="ant-input"
                  id="demo"
                  placeholder="请输入"
                  type="text"
                  value=""
                />
              </div>
            </div>
          </div>
          <div
            class="ant-row ant-form-item"
          >
            <div
              class="ant-col ant-col-8 ant-form-item-label"
            >
              <label
                class=""
                title="money"
              >
                money
              </label>
            </div>
            <div
              class="ant-col ant-col-16 ant-form-item-control"
            >
              <div
                class="ant-form-item-control-input"
              >
                <div
                  class="input-money"
                >
                  <span
                    class="ant-input-affix-wrapper"
                  >
                    <input
                      class="ant-input"
                      id="money"
                      placeholder="请输入money"
                      type="text"
                      value="1"
                    />
                    <span
                      class="ant-input-suffix"
                    >
                      元
                    </span>
                  </span>
                  <div
                    class="zh"
                  >
                    壹
                  </div>
                </div>
              </div>
            </div>
          </div>
          <div
            class="ant-row ant-form-item"
          >
            <div
              class="ant-col ant-col-16 ant-col-offset-8 ant-form-item-control"
            >
              <div
                class="ant-form-item-control-input"
              >
                <div
                  class="yform-items"
                >
                  <button
                    class="ant-btn ant-btn-primary"
                    type="submit"
                  >
                    <span>
                      submit
                    </span>
                  </button>
                </div>
              </div>
            </div>
          </div>
        </div>
      </form>
      <form
        class="ant-form ant-form-horizontal"
      >
        <div
          class="yform-items"
        >
          <div
            class="ant-row ant-form-item"
          >
            <div
              class="ant-col ant-form-item-control ant-col-xs-24 ant-col-xs-offset-24 ant-col-sm-20 ant-col-sm-offset-4"
            >
              <div
                class="ant-form-item-control-input"
              >
                <input
                  class="ant-input"
                  id="demo"
                  placeholder="请输入"
                  type="text"
                  value=""
                />
              </div>
            </div>
          </div>
          <div
            class="ant-row ant-form-item"
          >
            <div
              class="ant-col ant-form-item-label ant-col-xs-24 ant-col-sm-4"
            >
              <label
                class=""
                title="money"
              >
                money
              </label>
            </div>
            <div
              class="ant-col ant-form-item-control ant-col-xs-24 ant-col-sm-20"
            >
              <div
                class="ant-form-item-control-input"
              >
                <div
                  class="input-money"
                >
                  <span
                    class="ant-input-affix-wrapper"
                  >
                    <input
                      class="ant-input"
                      id="money"
                      placeholder="请输入money"
                      type="text"
                      value="1"
                    />
                    <span
                      class="ant-input-suffix"
                    >
                      元
                    </span>
                  </span>
                  <div
                    class="zh"
                  >
                    壹
                  </div>
                </div>
              </div>
            </div>
          </div>
          <div
            class="ant-row ant-form-item"
          >
            <div
              class="ant-col ant-form-item-control ant-col-xs-24 ant-col-xs-offset-24 ant-col-sm-20 ant-col-sm-offset-4"
            >
              <div
                class="ant-form-item-control-input"
              >
                <div
                  class="yform-items"
                >
                  <button
                    class="ant-btn ant-btn-primary"
                    type="submit"
                  >
                    <span>
                      submit
                    </span>
                  </button>
                </div>
              </div>
            </div>
          </div>
        </div>
      </form>
    </div>
  </div>,
  "debug": [Function],
  "findAllByAltText": [Function],
  "findAllByDisplayValue": [Function],
  "findAllByLabelText": [Function],
  "findAllByPlaceholderText": [Function],
  "findAllByRole": [Function],
  "findAllByTestId": [Function],
  "findAllByText": [Function],
  "findAllByTitle": [Function],
  "findByAltText": [Function],
  "findByDisplayValue": [Function],
  "findByLabelText": [Function],
  "findByPlaceholderText": [Function],
  "findByRole": [Function],
  "findByTestId": [Function],
  "findByText": [Function],
  "findByTitle": [Function],
  "getAllByAltText": [Function],
  "getAllByDisplayValue": [Function],
  "getAllByLabelText": [Function],
  "getAllByPlaceholderText": [Function],
  "getAllByRole": [Function],
  "getAllByTestId": [Function],
  "getAllByText": [Function],
  "getAllByTitle": [Function],
  "getByAltText": [Function],
  "getByDisplayValue": [Function],
  "getByLabelText": [Function],
  "getByPlaceholderText": [Function],
  "getByRole": [Function],
  "getByTestId": [Function],
  "getByText": [Function],
  "getByTitle": [Function],
  "queryAllByAltText": [Function],
  "queryAllByDisplayValue": [Function],
  "queryAllByLabelText": [Function],
  "queryAllByPlaceholderText": [Function],
  "queryAllByRole": [Function],
  "queryAllByTestId": [Function],
  "queryAllByText": [Function],
  "queryAllByTitle": [Function],
  "queryByAltText": [Function],
  "queryByDisplayValue": [Function],
  "queryByLabelText": [Function],
  "queryByPlaceholderText": [Function],
  "queryByRole": [Function],
  "queryByTestId": [Function],
  "queryByText": [Function],
  "queryByTitle": [Function],
  "rerender": [Function],
  "unmount": [Function],
}
`;

exports[`YForm layout2 1`] = `
Object {
  "asFragment": [Function],
  "baseElement": <body>
    <div>
      <form
        class="ant-form ant-form-horizontal"
        id="basic"
      >
        <div
          class="yform-items"
        >
          <div
            class="ant-row ant-form-item"
          >
            <div
              class="ant-col ant-form-item-control"
            >
              <div
                class="ant-form-item-control-input"
              >
                <p>
                  123
                </p>
              </div>
            </div>
          </div>
          <div
            class="ant-row ant-form-item"
          >
            <div
              class="ant-col ant-form-item-control"
            >
              <div
                class="ant-form-item-control-input"
              >
                <div>
                  1
                </div>
              </div>
            </div>
          </div>
        </div>
      </form>
    </div>
  </body>,
  "container": <div>
    <form
      class="ant-form ant-form-horizontal"
      id="basic"
    >
      <div
        class="yform-items"
      >
        <div
          class="ant-row ant-form-item"
        >
          <div
            class="ant-col ant-form-item-control"
          >
            <div
              class="ant-form-item-control-input"
            >
              <p>
                123
              </p>
            </div>
          </div>
        </div>
        <div
          class="ant-row ant-form-item"
        >
          <div
            class="ant-col ant-form-item-control"
          >
            <div
              class="ant-form-item-control-input"
            >
              <div>
                1
              </div>
            </div>
          </div>
        </div>
      </div>
    </form>
  </div>,
  "debug": [Function],
  "findAllByAltText": [Function],
  "findAllByDisplayValue": [Function],
  "findAllByLabelText": [Function],
  "findAllByPlaceholderText": [Function],
  "findAllByRole": [Function],
  "findAllByTestId": [Function],
  "findAllByText": [Function],
  "findAllByTitle": [Function],
  "findByAltText": [Function],
  "findByDisplayValue": [Function],
  "findByLabelText": [Function],
  "findByPlaceholderText": [Function],
  "findByRole": [Function],
  "findByTestId": [Function],
  "findByText": [Function],
  "findByTitle": [Function],
  "getAllByAltText": [Function],
  "getAllByDisplayValue": [Function],
  "getAllByLabelText": [Function],
  "getAllByPlaceholderText": [Function],
  "getAllByRole": [Function],
  "getAllByTestId": [Function],
  "getAllByText": [Function],
  "getAllByTitle": [Function],
  "getByAltText": [Function],
  "getByDisplayValue": [Function],
  "getByLabelText": [Function],
  "getByPlaceholderText": [Function],
  "getByRole": [Function],
  "getByTestId": [Function],
  "getByText": [Function],
  "getByTitle": [Function],
  "queryAllByAltText": [Function],
  "queryAllByDisplayValue": [Function],
  "queryAllByLabelText": [Function],
  "queryAllByPlaceholderText": [Function],
  "queryAllByRole": [Function],
  "queryAllByTestId": [Function],
  "queryAllByText": [Function],
  "queryAllByTitle": [Function],
  "queryByAltText": [Function],
  "queryByDisplayValue": [Function],
  "queryByLabelText": [Function],
  "queryByPlaceholderText": [Function],
  "queryByRole": [Function],
  "queryByTestId": [Function],
  "queryByText": [Function],
  "queryByTitle": [Function],
  "rerender": [Function],
  "unmount": [Function],
}
`;

exports[`YForm loading 1`] = `
Object {
  "asFragment": [Function],
  "baseElement": <body>
    <div>
      <div
        class="form-spin"
      >
        <div
          class="ant-spin ant-spin-spinning"
        >
          <span
            class="ant-spin-dot ant-spin-dot-spin"
          >
            <i
              class="ant-spin-dot-item"
            />
            <i
              class="ant-spin-dot-item"
            />
            <i
              class="ant-spin-dot-item"
            />
            <i
              class="ant-spin-dot-item"
            />
          </span>
        </div>
      </div>
    </div>
  </body>,
  "container": <div>
    <div
      class="form-spin"
    >
      <div
        class="ant-spin ant-spin-spinning"
      >
        <span
          class="ant-spin-dot ant-spin-dot-spin"
        >
          <i
            class="ant-spin-dot-item"
          />
          <i
            class="ant-spin-dot-item"
          />
          <i
            class="ant-spin-dot-item"
          />
          <i
            class="ant-spin-dot-item"
          />
        </span>
      </div>
    </div>
  </div>,
  "debug": [Function],
  "findAllByAltText": [Function],
  "findAllByDisplayValue": [Function],
  "findAllByLabelText": [Function],
  "findAllByPlaceholderText": [Function],
  "findAllByRole": [Function],
  "findAllByTestId": [Function],
  "findAllByText": [Function],
  "findAllByTitle": [Function],
  "findByAltText": [Function],
  "findByDisplayValue": [Function],
  "findByLabelText": [Function],
  "findByPlaceholderText": [Function],
  "findByRole": [Function],
  "findByTestId": [Function],
  "findByText": [Function],
  "findByTitle": [Function],
  "getAllByAltText": [Function],
  "getAllByDisplayValue": [Function],
  "getAllByLabelText": [Function],
  "getAllByPlaceholderText": [Function],
  "getAllByRole": [Function],
  "getAllByTestId": [Function],
  "getAllByText": [Function],
  "getAllByTitle": [Function],
  "getByAltText": [Function],
  "getByDisplayValue": [Function],
  "getByLabelText": [Function],
  "getByPlaceholderText": [Function],
  "getByRole": [Function],
  "getByTestId": [Function],
  "getByText": [Function],
  "getByTitle": [Function],
  "queryAllByAltText": [Function],
  "queryAllByDisplayValue": [Function],
  "queryAllByLabelText": [Function],
  "queryAllByPlaceholderText": [Function],
  "queryAllByRole": [Function],
  "queryAllByTestId": [Function],
  "queryAllByText": [Function],
  "queryAllByTitle": [Function],
  "queryByAltText": [Function],
  "queryByDisplayValue": [Function],
  "queryByLabelText": [Function],
  "queryByPlaceholderText": [Function],
  "queryByRole": [Function],
  "queryByTestId": [Function],
  "queryByText": [Function],
  "queryByTitle": [Function],
  "rerender": [Function],
  "unmount": [Function],
}
`;

exports[`YForm renders 1`] = `
Object {
  "asFragment": [Function],
  "baseElement": <body>
    <div>
      <form
        class="ant-form ant-form-horizontal"
      >
        <div
          class="yform-items"
        >
          <div
            class="ant-row ant-form-item"
          >
            <div
              class="ant-col ant-form-item-control"
            >
              <div
                class="ant-form-item-control-input"
              >
                <input
                  class="ant-input"
                  id="demo"
                  placeholder="请输入"
                  type="text"
                  value=""
                />
              </div>
            </div>
          </div>
          <div
            class="ant-row ant-form-item"
          >
            <div
              class="ant-col ant-form-item-label"
            >
              <label
                class=""
                title="money"
              >
                money
              </label>
            </div>
            <div
              class="ant-col ant-form-item-control"
            >
              <div
                class="ant-form-item-control-input"
              >
                <div
                  class="input-money"
                >
                  <span
                    class="ant-input-affix-wrapper"
                  >
                    <input
                      class="ant-input"
                      id="money"
                      placeholder="请输入money"
                      type="text"
                      value="1"
                    />
                    <span
                      class="ant-input-suffix"
                    >
                      元
                    </span>
                  </span>
                  <div
                    class="zh"
                  >
                    壹
                  </div>
                </div>
              </div>
            </div>
          </div>
          <div
            class="ant-row ant-form-item"
          >
            <div
              class="ant-col ant-form-item-control"
            >
              <div
                class="ant-form-item-control-input"
              >
                <div
                  class="yform-items"
                >
                  <button
                    class="ant-btn ant-btn-primary"
                    type="submit"
                  >
                    <span>
                      submit
                    </span>
                  </button>
                </div>
              </div>
            </div>
          </div>
        </div>
      </form>
    </div>
  </body>,
  "container": <div>
    <form
      class="ant-form ant-form-horizontal"
    >
      <div
        class="yform-items"
      >
        <div
          class="ant-row ant-form-item"
        >
          <div
            class="ant-col ant-form-item-control"
          >
            <div
              class="ant-form-item-control-input"
            >
              <input
                class="ant-input"
                id="demo"
                placeholder="请输入"
                type="text"
                value=""
              />
            </div>
          </div>
        </div>
        <div
          class="ant-row ant-form-item"
        >
          <div
            class="ant-col ant-form-item-label"
          >
            <label
              class=""
              title="money"
            >
              money
            </label>
          </div>
          <div
            class="ant-col ant-form-item-control"
          >
            <div
              class="ant-form-item-control-input"
            >
              <div
                class="input-money"
              >
                <span
                  class="ant-input-affix-wrapper"
                >
                  <input
                    class="ant-input"
                    id="money"
                    placeholder="请输入money"
                    type="text"
                    value="1"
                  />
                  <span
                    class="ant-input-suffix"
                  >
                    元
                  </span>
                </span>
                <div
                  class="zh"
                >
                  壹
                </div>
              </div>
            </div>
          </div>
        </div>
        <div
          class="ant-row ant-form-item"
        >
          <div
            class="ant-col ant-form-item-control"
          >
            <div
              class="ant-form-item-control-input"
            >
              <div
                class="yform-items"
              >
                <button
                  class="ant-btn ant-btn-primary"
                  type="submit"
                >
                  <span>
                    submit
                  </span>
                </button>
              </div>
            </div>
          </div>
        </div>
      </div>
    </form>
  </div>,
  "debug": [Function],
  "findAllByAltText": [Function],
  "findAllByDisplayValue": [Function],
  "findAllByLabelText": [Function],
  "findAllByPlaceholderText": [Function],
  "findAllByRole": [Function],
  "findAllByTestId": [Function],
  "findAllByText": [Function],
  "findAllByTitle": [Function],
  "findByAltText": [Function],
  "findByDisplayValue": [Function],
  "findByLabelText": [Function],
  "findByPlaceholderText": [Function],
  "findByRole": [Function],
  "findByTestId": [Function],
  "findByText": [Function],
  "findByTitle": [Function],
  "getAllByAltText": [Function],
  "getAllByDisplayValue": [Function],
  "getAllByLabelText": [Function],
  "getAllByPlaceholderText": [Function],
  "getAllByRole": [Function],
  "getAllByTestId": [Function],
  "getAllByText": [Function],
  "getAllByTitle": [Function],
  "getByAltText": [Function],
  "getByDisplayValue": [Function],
  "getByLabelText": [Function],
  "getByPlaceholderText": [Function],
  "getByRole": [Function],
  "getByTestId": [Function],
  "getByText": [Function],
  "getByTitle": [Function],
  "queryAllByAltText": [Function],
  "queryAllByDisplayValue": [Function],
  "queryAllByLabelText": [Function],
  "queryAllByPlaceholderText": [Function],
  "queryAllByRole": [Function],
  "queryAllByTestId": [Function],
  "queryAllByText": [Function],
  "queryAllByTitle": [Function],
  "queryByAltText": [Function],
  "queryByDisplayValue": [Function],
  "queryByLabelText": [Function],
  "queryByPlaceholderText": [Function],
  "queryByRole": [Function],
  "queryByTestId": [Function],
  "queryByText": [Function],
  "queryByTitle": [Function],
  "rerender": [Function],
  "unmount": [Function],
}
`;
